// Jest Snapshot v1, https://goo.gl/fbAQLP

exports[`Testing in ./src/modules/gifs/components/GifGridItem.tsx Should to be match with the snapshot 1`] = `
<div>
  <li
    class="card"
  >
    <p>
      One Punch Saitama GIF by Crunchyroll
    </p>
    <img
      alt="Image lrDAgsYq0eomhwoESZ"
      src="https://encrypted-tbn0.gstatic.com/images?q=tbn:ANd9GcTYnOe5Vwys8zJ6Jd7w3i4hqC9voox36N68nw&s"
    />
  </li>
</div>
`;
